// Jest Snapshot v1, https://goo.gl/fbAQLP

exports[`should render Chat component correctly 1`] = `ShallowWrapper {}`;
