// Jest Snapshot v1, https://goo.gl/fbAQLP

exports[`should render InfoBar component correctly 1`] = `ShallowWrapper {}`;
