// Jest Snapshot v1, https://goo.gl/fbAQLP

exports[`should render Input component correctly 1`] = `ShallowWrapper {}`;
