// Jest Snapshot v1, https://goo.gl/fbAQLP

exports[`should render Join component correctly 1`] = `ShallowWrapper {}`;
