// Jest Snapshot v1, https://goo.gl/fbAQLP

exports[`should render JoinForm component correctly 1`] = `ShallowWrapper {}`;
