// Jest Snapshot v1, https://goo.gl/fbAQLP

exports[`should render Messages component correctly 1`] = `ShallowWrapper {}`;
