// Jest Snapshot v1, https://goo.gl/fbAQLP

exports[`should render NoMusicPlaying component correctly 1`] = `ShallowWrapper {}`;
