// Jest Snapshot v1, https://goo.gl/fbAQLP

exports[`should render Pomodoro component correctly 1`] = `ShallowWrapper {}`;

exports[`should render Pomodoro component correctly with data 1`] = `ShallowWrapper {}`;
