// Jest Snapshot v1, https://goo.gl/fbAQLP

exports[`should render ProgressBar component correctly 1`] = `ShallowWrapper {}`;

exports[`should render ProgressBar component correctly with data 1`] = `ShallowWrapper {}`;
