// Jest Snapshot v1, https://goo.gl/fbAQLP

exports[`should render TopSongsDescriptions component correctly 1`] = `ShallowWrapper {}`;

exports[`should render TopSongsDescriptions component correctly 2`] = `ShallowWrapper {}`;
