// Jest Snapshot v1, https://goo.gl/fbAQLP

exports[`should render TopSongs component correctly 1`] = `ShallowWrapper {}`;

exports[`should render TopSongs component correctly 2`] = `ShallowWrapper {}`;
